{
  "upper: negative": "0.0000000",
  "upper: 0": "0.0000000",
  "upper: 1": "0.0000000",
  "upper: 1000000": "933394.0000000",
  "uniform -1, 1": "0.7803094",
  "uniform -100000, -1": "-10985.4183013",
  "uniform -1, -10": "-9.0113925",
  "uniform 5, 1": "1.4393811",
  "uniform 1, 1000000": "890154.8283796",
  "uniform 1, 1": "1.0000000",
  "quniform -1, 1, 0.1": "0.8000000",
  "quniform -100000, -1, -1": "-10985.0000000",
  "quniform -1, -10, 0.22222": "-9.1110200",
  "quniform 5, 1, -0.111": "1.4430000",
  "quniform 1, 1000000, 50": "890150.0000000",
  "quniform 1, 1, 0.001": "1.0000000",
  "loguniform -1, 1": "2.1821474",
  "loguniform -100000, -1": "0.0000000",
  "loguniform -1, -10": "0.0001220",
  "loguniform 5, 1": "4.2180845",
  "loguniform 1, 1": "2.7182818",
  "qloguniform -1, 1, 0.1": "2.2000000",
  "qloguniform -100000, -1, -1": "0.0000000",
  "qloguniform -1, -10, 0.2222": "0.0000000",
  "qloguniform 5, 1, -0.111": "4.2180000",
  "qloguniform 5, 1, 0.1": "4.2000000",
  "qloguniform 1, 1, 0.001": "2.7180000",
  "normal -1, 1": "-0.3037819",
  "normal -100000, -1": "-100000.6962181",
  "normal -1, -10": "-7.9621809",
  "normal 5, 1": "5.6962181",
  "normal 1, 1": "1.6962181",
  "qnormal -1, 1, 0.1": "-0.3000000",
  "qnormal -100000, -1, -1": "-100001.0000000",
  "qnormal -1, -10, 0.22222": "-7.9999200",
  "qnormal 5, 1, -0.111": "5.6610000",
  "qnormal 1, 1000000, 50": "50.0000000",
  "qnormal 1, 1, 0.001": "1.6960000",
  "lognormal -1, 1": "0.7380218",
  "lognormal -100000, -1": "0.0000000",
  "lognormal -1, -10": "0.0003484",
  "lognormal 5, 1": "297.7392463",
  "lognormal 1, 1": "5.4532845",
  "qlognormal -1, 1, 0.1": "0.7000000",
  "qlognormal -100000, -1, -1": "0.0000000",
  "qlognormal -1, -10, 0.22222": "0.0000000",
  "qlognormal 5, 1, -0.111": "297.7020000",
  "qlognormal 5, 1, 0.1": "297.7000000",
  "qlognormal 1, 1, 0.001": "5.4530000",
  "sample: array": "-3.6724889",
  "sample: depth": {
    "x": "1.3924362",
    "y": "0.1307073",
    "choice": null,
    "array": [
      -0.6553433999116457,
      0.11927848398147867,
      false
    ],
    "obj": {
      "u": 2.47930839269838,
      "v": 1.703175088041835,
      "w": -1.4037662402075997
    }
  },
  "FMin for x^2 - x + 1": {},
  "Hyperparameters space": {
    "x": "-0.7975415",
    "y": "-0.7414791"
  },
  "choice as array space": {},
  "Deep learning space": {
    "learning_rate": "0.0000123",
    "use_double_q_learning": true,
    "layer1_size": "29.0000000",
    "layer2_size": "41.0000000",
    "layer3_size": "56.0000000",
    "future_discount_max": "0.6085554",
    "future_discount_increment": "0.0013308",
    "recall_memory_size": "8.0000000",
    "recall_memory_num_experiences_per_recall": "1275.0000000",
    "num_epochs": "2.0000000"
  },
  "Bayesian sample": {
    "x": "3.9015472",
    "y": "3.0000000"
  },
  "Bayesian quadratic optimization": {},
  "Bayesian 2D optimization": {
    "x": "1.2665640",
    "y": "-0.8930757"
  },
  "Bayesian complex space": {
    "learning_rate": "0.0000123",
    "num_layers": "2.0000000",
    "layer_sizes": [
      24
    ],
    "activation": "sigmoid",
    "dropout_rate": "0.1107709"
  }
}